[2026-09-29T08:49:21Z] === ENRICH ITERATION 1 START | repo=webpack/webpack sha=d49b49dd ===
[2026-09-29T08:49:21Z] [iter=1] PHASE START: enrich repo=webpack/webpack sha=d49b49dd runlog=/home/runner/work/forx/forx/storage/aggregate/lsp/logs/d49b49dd-enrich-iter-001.log output=/home/runner/work/forx/forx/storage/aggregate/lsp/d49b49ddebc6c06703e19ff6391915d2b09b0f2b.nq.gz
[2026-09-29T08:50:33Z] [iter=1] Step 1: Loading AST into disk-backed store mem_mb=81 MB
[2026-09-29T08:51:12Z] [iter=1] AST store loaded triples=4273028 load_secs=37 mem_mb=932 MB
[2026-09-29T08:51:12Z] [iter=1] Step 2: Finding LSP targets mem_mb=932 MB
[2026-09-29T08:51:22Z] [iter=1] LSP targets found call_sites=40898 imports=1347 extends=260 implements=0 secs=11
[2026-09-29T08:51:30Z] [iter=1] Step 2.7: Building position index (one-shot, shared across resolvers) mem_mb=932 MB
[2026-09-29T08:51:56Z] [iter=1] Position index built positions=291310 nodes_with_types=340855 secs=26 mem_mb=1037 MB
[2026-09-29T08:51:56Z] [iter=1] Step 3: Starting LSP resolution mem_mb=1037 MB already_completed_types=[] already_completed_files=0
[2026-09-29T08:51:56Z] [iter=1] Resolving target type target_type=call_site count=40898
[2026-09-29T08:52:00Z] [iter=1] HEARTBEAT target_type=call_site elapsed_min=2.6 files_done=0 resolved=0 errors=0 current=lib/optimize/ConcatenatedModule.js
[2026-09-29T08:53:15Z] [iter=1] HEARTBEAT target_type=call_site elapsed_min=3.9 files_done=1 resolved=73 errors=41 current=test/ProgressPlugin.test.js
[2026-09-29T08:54:08Z] [iter=1] HEARTBEAT target_type=call_site elapsed_min=4.8 files_done=2 resolved=83 errors=71 current=lib/util/comparators.js
[2026-09-29T08:55:45Z] [iter=1] HEARTBEAT target_type=call_site elapsed_min=6.4 files_done=3 resolved=102 errors=125 current=test/configCases/wasm/export-imported-global/index.js
[2026-09-29T08:56:52Z] [iter=1] HEARTBEAT target_type=call_site elapsed_min=7.5 files_done=7 resolved=130 errors=163 current=lib/cache/PackFileCacheStrategy.js
[2026-09-29T09:01:41Z] [iter=1] HEARTBEAT target_type=call_site elapsed_min=12.3 files_done=8 resolved=209 errors=326 current=test/Compiler.test.js
[2026-09-29T09:05:39Z] [iter=1] HEARTBEAT target_type=call_site elapsed_min=16.3 files_done=9 resolved=217 errors=460 current=test/cases/parsing/issue-3116/index.js
[2026-09-29T09:18:51Z] [iter=1] HEARTBEAT target_type=call_site elapsed_min=29.5 files_done=16 resolved=402 errors=903 current=test/NodeTemplatePlugin.test.js
[2026-09-29T09:40:25Z] [iter=1] HEARTBEAT target_type=call_site elapsed_min=51.1 files_done=18 resolved=452 errors=1634 current=lib/util/internalSerializables.js
[2026-09-29T09:41:22Z] [iter=1] HEARTBEAT target_type=call_site elapsed_min=52.0 files_done=22 resolved=505 errors=1666 current=setup/setup.js
[2026-09-29T09:41:56Z] [iter=1] HEARTBEAT target_type=call_site elapsed_min=52.6 files_done=23 resolved=519 errors=1685 current=lib/util/smartGrouping.js
[2026-09-29T09:48:52Z] [iter=1] HEARTBEAT target_type=call_site elapsed_min=59.5 files_done=26 resolved=714 errors=1921 current=lib/util/runtime.js
[2026-09-29T09:49:49Z] [iter=1] HEARTBEAT target_type=call_site elapsed_min=60.5 files_done=27 resolved=740 errors=1953 current=lib/IgnorePlugin.js
[2026-09-29T10:05:04Z] [iter=1] HEARTBEAT target_type=call_site elapsed_min=75.7 files_done=30 resolved=945 errors=2473 current=test/JavascriptParser.unittest.js
[2026-09-29T10:08:34Z] [iter=1] HEARTBEAT target_type=call_site elapsed_min=79.2 files_done=31 resolved=961 errors=2592 current=test/hotCases/recover/recover-after-parsing-error/index.js
[2026-09-29T10:11:30Z] [iter=1] HEARTBEAT target_type=call_site elapsed_min=82.2 files_done=33 resolved=1011 errors=2692 current=lib/SizeFormatHelpers.js
[2026-09-29T10:12:58Z] [iter=1] HEARTBEAT target_type=call_site elapsed_min=83.6 files_done=35 resolved=1026 errors=2742 current=lib/dependencies/ImportParserPlugin.js
[2026-09-29T10:16:09Z] [iter=1] HEARTBEAT target_type=call_site elapsed_min=86.8 files_done=37 resolved=1042 errors=2850 current=test/cases/chunks/nested-in-empty/index.js
[2026-09-29T10:16:53Z] [iter=1] HEARTBEAT target_type=call_site elapsed_min=87.5 files_done=40 resolved=1044 errors=2875 current=lib/ModuleStoreError.js
[2026-09-29T10:17:30Z] [iter=1] HEARTBEAT target_type=call_site elapsed_min=88.2 files_done=43 resolved=1047 errors=2896 current=test/cases/parsing/harmony-export-import-specifier/index.js
[2026-09-29T10:18:01Z] [iter=1] HEARTBEAT target_type=call_site elapsed_min=88.7 files_done=48 resolved=1049 errors=2913 current=lib/stats/DefaultStatsPrinterPlugin.js
[2026-09-29T10:24:29Z] [iter=1] HEARTBEAT target_type=call_site elapsed_min=95.1 files_done=49 resolved=1115 errors=3133 current=test/cases/loaders/css-loader/index.js
[2026-09-29T10:24:59Z] [iter=1] HEARTBEAT target_type=call_site elapsed_min=95.6 files_done=51 resolved=1124 errors=3150 current=hot/signal.js
[2026-09-29T10:25:53Z] [iter=1] HEARTBEAT target_type=call_site elapsed_min=96.5 files_done=53 resolved=1137 errors=3181 current=lib/javascript/JavascriptModulesPlugin.js
[2026-09-29T10:29:11Z] [iter=1] HEARTBEAT target_type=call_site elapsed_min=99.8 files_done=54 resolved=1224 errors=3294 current=test/configCases/container/exposed-overridables/index.js
[2026-09-29T10:32:32Z] [iter=1] HEARTBEAT target_type=call_site elapsed_min=103.2 files_done=57 resolved=1330 errors=3409 current=lib/index.js
[2026-09-29T10:33:04Z] [iter=1] HEARTBEAT target_type=call_site elapsed_min=103.7 files_done=60 resolved=1342 errors=3427 current=lib/ChunkGraph.js
[2026-09-29T10:38:30Z] [iter=1] HEARTBEAT target_type=call_site elapsed_min=109.1 files_done=61 resolved=1422 errors=3612 current=test/statsCases/circular-correctness/index.js
[2026-09-29T10:40:30Z] [iter=1] HEARTBEAT target_type=call_site elapsed_min=111.1 files_done=64 resolved=1437 errors=3680 current=test/cases/esm/import-meta/index.js
[2026-09-29T10:41:09Z] [iter=1] HEARTBEAT target_type=call_site elapsed_min=111.8 files_done=69 resolved=1475 errors=3702 current=test/cases/parsing/issue-7778/index.js
[2026-09-29T10:41:42Z] [iter=1] HEARTBEAT target_type=call_site elapsed_min=112.4 files_done=73 resolved=1487 errors=3721 current=test/hotCases/runtime/dispose-removed-chunk/index.js
[2026-09-29T10:42:16Z] [iter=1] HEARTBEAT target_type=call_site elapsed_min=112.9 files_done=76 resolved=1493 errors=3740 current=test/hotCases/errors/unaccepted-ignored/index.js
[2026-09-29T10:43:13Z] [iter=1] HEARTBEAT target_type=call_site elapsed_min=113.9 files_done=78 resolved=1496 errors=3772 current=test/cases/resolving/query/index.js
[2026-09-29T10:43:43Z] [iter=1] HEARTBEAT target_type=call_site elapsed_min=114.4 files_done=83 resolved=1502 errors=3789 current=lib/dependencies/SystemRuntimeModule.js
[2026-09-29T10:44:17Z] [iter=1] HEARTBEAT target_type=call_site elapsed_min=114.9 files_done=89 resolved=1526 errors=3808 current=lib/dependencies/RequireResolveDependency.js
[2026-09-29T10:46:01Z] [iter=1] HEARTBEAT target_type=call_site elapsed_min=116.7 files_done=91 resolved=1533 errors=3867 current=test/hotCases/runtime/require-disposed-module-warning/index.js
[2026-09-29T10:46:42Z] [iter=1] HEARTBEAT target_type=call_site elapsed_min=117.3 files_done=94 resolved=1536 errors=3890 current=test/cases/parsing/chunks/index.js
[2026-09-29T10:47:12Z] [iter=1] HEARTBEAT target_type=call_site elapsed_min=117.8 files_done=100 resolved=1540 errors=3907 current=test/configCases/custom-source-type/localization/index.js
[2026-09-29T10:47:53Z] [iter=1] HEARTBEAT target_type=call_site elapsed_min=118.5 files_done=105 resolved=1554 errors=3930 current=lib/sharing/ConsumeSharedPlugin.js
[2026-09-29T10:48:39Z] [iter=1] HEARTBEAT target_type=call_site elapsed_min=119.3 files_done=106 resolved=1564 errors=3956 current=lib/InitFragment.js
[2026-09-29T10:49:34Z] [iter=1] HEARTBEAT target_type=call_site elapsed_min=120.2 files_done=108 resolved=1579 errors=3987 current=lib/optimize/LimitChunkCountPlugin.js
[2026-09-29T10:52:02Z] [iter=1] HEARTBEAT target_type=call_site elapsed_min=122.7 files_done=110 resolved=1627 errors=4071 current=test/configCases/deprecations/non-unique-hash/webpack.config.js
[2026-09-29T10:52:39Z] [iter=1] HEARTBEAT target_type=call_site elapsed_min=123.3 files_done=112 resolved=1637 errors=4092 current=lib/dependencies/ExportsInfoDependency.js
[2026-09-29T10:53:15Z] [iter=1] HEARTBEAT target_type=call_site elapsed_min=123.9 files_done=113 resolved=1641 errors=4112 current=lib/dependencies/HarmonyExportInitFragment.js
[2026-09-29T10:54:34Z] [iter=1] HEARTBEAT target_type=call_site elapsed_min=125.2 files_done=115 resolved=1654 errors=4157 current=lib/sharing/ShareRuntimeModule.js
[2026-09-29T10:55:07Z] [iter=1] HEARTBEAT target_type=call_site elapsed_min=125.8 files_done=117 resolved=1668 errors=4176 current=lib/node/nodeConsole.js
[2026-09-29T10:55:46Z] [iter=1] HEARTBEAT target_type=call_site elapsed_min=126.4 files_done=118 resolved=1673 errors=4198 current=lib/DefinePlugin.js
[2026-09-29T10:57:07Z] [iter=1] HEARTBEAT target_type=call_site elapsed_min=127.8 files_done=119 resolved=1698 errors=4244 current=lib/dependencies/CommonJsPlugin.js
[2026-09-29T10:57:49Z] [iter=1] HEARTBEAT target_type=call_site elapsed_min=128.5 files_done=122 resolved=1701 errors=4268 current=test/hotCases/chunks/system-import/index.js
[2026-09-29T10:59:03Z] [iter=1] HEARTBEAT target_type=call_site elapsed_min=129.7 files_done=128 resolved=1748 errors=4310 current=test/configCases/library/1-use-library/var-test.js
[2026-09-29T11:00:20Z] [iter=1] HEARTBEAT target_type=call_site elapsed_min=131.0 files_done=131 resolved=1751 errors=4354 current=test/benchmarkCases/many-chunks/a.js
[2026-09-29T11:01:05Z] [iter=1] HEARTBEAT target_type=call_site elapsed_min=131.7 files_done=133 resolved=1768 errors=4379 current=lib/cli.js
[2026-09-29T11:01:40Z] [iter=1] HEARTBEAT target_type=call_site elapsed_min=132.3 files_done=134 resolved=1821 errors=4399 current=test/cases/parsing/block-scopes/index.js
[2026-09-29T11:02:47Z] [iter=1] HEARTBEAT target_type=call_site elapsed_min=133.4 files_done=137 resolved=1828 errors=4437 current=lib/dependencies/CommonJsExportsDependency.js
[2026-09-29T11:03:28Z] [iter=1] HEARTBEAT target_type=call_site elapsed_min=134.1 files_done=138 resolved=1832 errors=4460 current=lib/HotModuleReplacementPlugin.js
[2026-09-29T11:04:23Z] [iter=1] HEARTBEAT target_type=call_site elapsed_min=135.0 files_done=139 resolved=1854 errors=4491 current=test/cases/cjs-tree-shaking/bailouts/index.js
[2026-09-29T11:04:53Z] [iter=1] HEARTBEAT target_type=call_site elapsed_min=135.5 files_done=144 resolved=1855 errors=4508 current=lib/optimize/MergeDuplicateChunksPlugin.js
[2026-09-29T11:05:31Z] [iter=1] HEARTBEAT target_type=call_site elapsed_min=136.2 files_done=145 resolved=1855 errors=4530 current=test/Validation.test.js
[2026-09-29T11:06:40Z] [iter=1] HEARTBEAT target_type=call_site elapsed_min=137.3 files_done=146 resolved=1855 errors=4569 current=test/cases/parsing/harmony-export-hoist/func-with-args-no-name.js
[2026-09-29T11:08:41Z] [iter=1] HEARTBEAT target_type=call_site elapsed_min=139.3 files_done=153 resolved=1891 errors=4637 current=lib/RequireJsStuffPlugin.js
[2026-09-29T11:09:12Z] [iter=1] HEARTBEAT target_type=call_site elapsed_min=139.9 files_done=154 resolved=1892 errors=4655 current=test/cases/parsing/issue-9817/index.js
[2026-09-29T11:09:47Z] [iter=1] HEARTBEAT target_type=call_site elapsed_min=140.4 files_done=155 resolved=1893 errors=4675 current=test/configCases/externals/concatenated/index.js
[2026-09-29T11:10:31Z] [iter=1] HEARTBEAT target_type=call_site elapsed_min=141.2 files_done=160 resolved=1902 errors=4700 current=test/ProfilingPlugin.unittest.js
[2026-09-29T11:12:54Z] [iter=1] HEARTBEAT target_type=call_site elapsed_min=143.6 files_done=162 resolved=2017 errors=4781 current=lib/config/defaults.js
[2026-09-29T11:18:12Z] [iter=1] HEARTBEAT target_type=call_site elapsed_min=148.9 files_done=163 resolved=2058 errors=4962 current=test/configCases/container/1-container-full/index.js
[2026-09-29T11:19:21Z] [iter=1] HEARTBEAT target_type=call_site elapsed_min=150.0 files_done=165 resolved=2076 errors=5001 current=lib/NormalModule.js
[2026-09-29T11:23:03Z] [iter=1] HEARTBEAT target_type=call_site elapsed_min=153.7 files_done=166 resolved=2108 errors=5127 current=lib/RuntimeTemplate.js
[2026-09-29T11:25:52Z] [iter=1] HEARTBEAT target_type=call_site elapsed_min=156.5 files_done=167 resolved=2153 errors=5223 current=test/cases/parsing/extract-amd/index.js
[2026-09-29T11:26:56Z] [iter=1] HEARTBEAT target_type=call_site elapsed_min=157.6 files_done=168 resolved=2153 errors=5259 current=lib/ChunkTemplate.js
[2026-09-29T11:27:51Z] [iter=1] HEARTBEAT target_type=call_site elapsed_min=158.5 files_done=171 resolved=2155 errors=5290 current=test/watchCases/runtime/static-import/0/index.js
[2026-09-29T11:30:02Z] [iter=1] HEARTBEAT target_type=call_site elapsed_min=160.7 files_done=177 resolved=2200 errors=5364 current=test/MultiStats.test.js
[2026-09-29T11:30:45Z] [iter=1] HEARTBEAT target_type=call_site elapsed_min=161.4 files_done=181 resolved=2201 errors=5388 current=lib/dependencies/AMDDefineDependencyParserPlugin.js
[2026-09-29T11:31:27Z] [iter=1] HEARTBEAT target_type=call_site elapsed_min=162.1 files_done=182 resolved=2208 errors=5412 current=test/configCases/scope-hoisting/dll-plugin/index.js
[2026-09-29T11:32:52Z] [iter=1] HEARTBEAT target_type=call_site elapsed_min=163.5 files_done=190 resolved=2246 errors=5460 current=test/helpers/fakeSystem.js
[2026-09-29T11:34:52Z] [iter=1] HEARTBEAT target_type=call_site elapsed_min=165.5 files_done=194 resolved=2255 errors=5528 current=examples/common-chunk-grandchildren/example.js
[2026-09-29T11:35:32Z] [iter=1] HEARTBEAT target_type=call_site elapsed_min=166.2 files_done=198 resolved=2299 errors=5550 current=test/cases/cjs-tree-shaking/bailouts/nested-property.js
[2026-09-29T11:36:28Z] [iter=1] HEARTBEAT target_type=call_site elapsed_min=167.1 files_done=200 resolved=2312 errors=5582 current=test/hotCases/runtime/bubble-update/index.js
[2026-09-29T11:39:21Z] [iter=1] HEARTBEAT target_type=call_site elapsed_min=170.0 files_done=202 resolved=2323 errors=5680 current=lib/serialization/Serializer.js
[2026-09-29T11:41:44Z] [iter=1] HEARTBEAT target_type=call_site elapsed_min=172.4 files_done=204 resolved=2366 errors=5761 current=test/configCases/async-commons-chunk/duplicate/index.js
[2026-09-29T11:42:16Z] [iter=1] HEARTBEAT target_type=call_site elapsed_min=172.9 files_done=205 resolved=2366 errors=5779 current=lib/dependencies/SystemPlugin.js
[2026-09-29T11:43:30Z] [iter=1] HEARTBEAT target_type=call_site elapsed_min=174.2 files_done=208 resolved=2388 errors=5821 current=test/cases/parsing/harmony-deep-exports/index.js
[2026-09-29T11:44:46Z] [iter=1] HEARTBEAT target_type=call_site elapsed_min=175.4 files_done=212 resolved=2396 errors=5864 current=lib/ExternalModule.js
[2026-09-29T11:46:09Z] [iter=1] HEARTBEAT target_type=call_site elapsed_min=176.8 files_done=213 resolved=2423 errors=5911 current=lib/dependencies/HarmonyExportImportedSpecifierDependency.js
[2026-09-29T11:49:19Z] [iter=1] HEARTBEAT target_type=call_site elapsed_min=180.0 files_done=214 resolved=2463 errors=6019 current=test/WatchTestCases.test.js
[2026-09-29T11:49:54Z] [iter=1] HEARTBEAT target_type=call_site elapsed_min=180.6 files_done=215 resolved=2478 errors=6039 current=test/configCases/worker/node-worker/index.js
[2026-09-29T11:52:14Z] [iter=1] HEARTBEAT target_type=call_site elapsed_min=182.9 files_done=221 resolved=2501 errors=6118 current=test/cases/parsing/resolve-weak-context/index.js
[2026-09-29T11:53:09Z] [iter=1] HEARTBEAT target_type=call_site elapsed_min=183.8 files_done=226 resolved=2505 errors=6149 current=test/cases/scope-hoisting/renaming-shorthand-5027/module.js
[2026-09-29T11:54:19Z] [iter=1] HEARTBEAT target_type=call_site elapsed_min=185.0 files_done=230 resolved=2523 errors=6189 current=test/cases/parsing/extract-amd.nominimize/index.js
[2026-09-29T11:54:49Z] [iter=1] HEARTBEAT target_type=call_site elapsed_min=185.5 files_done=231 resolved=2523 errors=6206 current=test/cases/wasm/global-refs-imported-global/index.js
[2026-09-29T11:56:07Z] [iter=1] HEARTBEAT target_type=call_site elapsed_min=186.8 files_done=234 resolved=2591 errors=6250 current=test/configCases/inner-graph/pure/module.js
[2026-09-29T11:57:41Z] [iter=1] HEARTBEAT target_type=call_site elapsed_min=188.3 files_done=237 resolved=2629 errors=6303 current=lib/ChunkGroup.js
[2026-09-29T11:59:33Z] [iter=1] HEARTBEAT target_type=call_site elapsed_min=190.2 files_done=238 resolved=2639 errors=6367 current=test/cases/optimize/many-exports-100/chunk2.js
[2026-09-29T12:00:42Z] [iter=1] HEARTBEAT target_type=call_site elapsed_min=191.4 files_done=241 resolved=2659 errors=6406 current=test/hotCases/disposing/remove-chunk-with-shared/index.js
[2026-09-29T12:01:36Z] [iter=1] HEARTBEAT target_type=call_site elapsed_min=192.2 files_done=245 resolved=2681 errors=6436 current=test/watchCases/plugins/define-plugin/webpack.config.js
[2026-09-29T12:02:41Z] [iter=1] HEARTBEAT target_type=call_site elapsed_min=193.3 files_done=247 resolved=2686 errors=6473 current=test/configCases/deprecations/chunk-and-module/webpack.config.js
[2026-09-29T12:03:17Z] [iter=1] HEARTBEAT target_type=call_site elapsed_min=193.9 files_done=249 resolved=2699 errors=6493 current=lib/dependencies/CommonJsSelfReferenceDependency.js
[2026-09-29T12:03:47Z] [iter=1] HEARTBEAT target_type=call_site elapsed_min=194.4 files_done=250 resolved=2702 errors=6510 current=test/helpers/expectWarningFactory.js
[2026-09-29T12:04:31Z] [iter=1] HEARTBEAT target_type=call_site elapsed_min=195.2 files_done=256 resolved=2719 errors=6535 current=test/configCases/split-chunks-common/target-node/index.js
[2026-09-29T12:05:17Z] [iter=1] HEARTBEAT target_type=call_site elapsed_min=195.9 files_done=259 resolved=2726 errors=6561 current=test/cases/parsing/issue-2895/index.js
[2026-09-29T12:06:24Z] [iter=1] HEARTBEAT target_type=call_site elapsed_min=197.1 files_done=263 resolved=2729 errors=6599 current=test/cases/parsing/harmony-commonjs/index.js
[2026-09-29T12:07:00Z] [iter=1] HEARTBEAT target_type=call_site elapsed_min=197.6 files_done=265 resolved=2731 errors=6619 current=test/configCases/entry/depend-on-advanced/page1.js
[2026-09-29T12:07:58Z] [iter=1] HEARTBEAT target_type=call_site elapsed_min=198.6 files_done=270 resolved=2741 errors=6652 current=test/SideEffectsFlagPlugin.unittest.js
[2026-09-29T12:08:32Z] [iter=1] HEARTBEAT target_type=call_site elapsed_min=199.2 files_done=271 resolved=2741 errors=6671 current=lib/ModuleInfoHeaderPlugin.js
[2026-09-29T12:09:27Z] [iter=1] HEARTBEAT target_type=call_site elapsed_min=200.1 files_done=272 resolved=2753 errors=6702 current=test/cases/parsing/issue-2528/index.js
[2026-09-29T12:10:47Z] [iter=1] HEARTBEAT target_type=call_site elapsed_min=201.4 files_done=274 resolved=2753 errors=6747 current=test/cases/parsing/extract-require/index.js
[2026-09-29T12:11:33Z] [iter=1] HEARTBEAT target_type=call_site elapsed_min=202.2 files_done=276 resolved=2753 errors=6773 current=lib/ModuleGraph.js
[2026-09-29T12:13:33Z] [iter=1] HEARTBEAT target_type=call_site elapsed_min=204.2 files_done=277 resolved=2778 errors=6840 current=lib/dependencies/CachedConstDependency.js
[2026-09-29T12:14:35Z] [iter=1] HEARTBEAT target_type=call_site elapsed_min=205.2 files_done=279 resolved=2779 errors=6875 current=lib/util/TupleSet.js
[2026-09-29T12:15:24Z] [iter=1] HEARTBEAT target_type=call_site elapsed_min=206.1 files_done=280 resolved=2779 errors=6903 current=test/configCases/split-chunks-common/hot/index.js
[2026-09-29T12:15:57Z] [iter=1] HEARTBEAT target_type=call_site elapsed_min=206.6 files_done=284 resolved=2780 errors=6921 current=test/cases/mjs/namespace-object-lazy/index.mjs
[2026-09-29T12:16:43Z] [iter=1] HEARTBEAT target_type=call_site elapsed_min=207.4 files_done=285 resolved=2799 errors=6947 current=examples/code-splitting-native-import-context-filter/example.js
[2026-09-29T12:21:29Z] [iter=1] HEARTBEAT target_type=call_site elapsed_min=212.1 files_done=288 resolved=2924 errors=7109 current=test/configCases/issues/issue-7470/index.js
[2026-09-29T12:23:00Z] [iter=1] HEARTBEAT target_type=call_site elapsed_min=213.6 files_done=290 resolved=2966 errors=7160 current=examples/wasm-simple/build.js
[2026-09-29T12:24:07Z] [iter=1] HEARTBEAT target_type=call_site elapsed_min=214.8 files_done=294 resolved=2973 errors=7198 current=test/configCases/context-replacement/c/index.js
[2026-09-29T12:24:40Z] [iter=1] HEARTBEAT target_type=call_site elapsed_min=215.3 files_done=297 resolved=2974 errors=7217 current=lib/ExportsInfoApiPlugin.js
[2026-09-29T12:27:25Z] [iter=1] HEARTBEAT target_type=call_site elapsed_min=218.1 files_done=299 resolved=3051 errors=7310 current=test/hotCases/invalidate/during-idle/index.js
[2026-09-29T12:27:57Z] [iter=1] HEARTBEAT target_type=call_site elapsed_min=218.6 files_done=308 resolved=3055 errors=7328 current=test/Stats.test.js
[2026-09-29T12:28:37Z] [iter=1] HEARTBEAT target_type=call_site elapsed_min=219.3 files_done=314 resolved=3073 errors=7351 current=test/cases/parsing/harmony-duplicate-export/index.js
[2026-09-29T12:30:20Z] [iter=1] HEARTBEAT target_type=call_site elapsed_min=221.0 files_done=317 resolved=3076 errors=7409 current=test/Compiler-caching.test.js
[2026-09-29T12:31:06Z] [iter=1] HEARTBEAT target_type=call_site elapsed_min=221.8 files_done=318 resolved=3082 errors=7435 current=lib/asset/AssetGenerator.js
[2026-09-29T12:31:40Z] [iter=1] HEARTBEAT target_type=call_site elapsed_min=222.3 files_done=319 resolved=3091 errors=7454 current=lib/wasm-async/AsyncWebAssemblyJavascriptGenerator.js
[2026-09-29T12:32:11Z] [iter=1] HEARTBEAT target_type=call_site elapsed_min=222.8 files_done=321 resolved=3116 errors=7472 current=lib/dependencies/LocalModulesHelpers.js
[2026-09-29T12:33:28Z] [iter=1] HEARTBEAT target_type=call_site elapsed_min=224.1 files_done=324 resolved=3143 errors=7516 current=test/cases/parsing/harmony/index.js
[2026-09-29T12:35:22Z] [iter=1] HEARTBEAT target_type=call_site elapsed_min=226.0 files_done=330 resolved=3152 errors=7581 current=test/cases/cjs-tree-shaking/exports/index.js
[2026-09-29T12:36:21Z] [iter=1] HEARTBEAT target_type=call_site elapsed_min=227.0 files_done=338 resolved=3176 errors=7614 current=test/hotPlayground/applyStyle2.js
[2026-09-29T12:37:32Z] [iter=1] HEARTBEAT target_type=call_site elapsed_min=228.2 files_done=340 resolved=3218 errors=7655 current=examples/wasm-simple/math.js
[2026-09-29T12:38:25Z] [iter=1] HEARTBEAT target_type=call_site elapsed_min=229.1 files_done=343 resolved=3218 errors=7685 current=lib/EnvironmentPlugin.js
[2026-09-29T12:39:26Z] [iter=1] HEARTBEAT target_type=call_site elapsed_min=230.1 files_done=347 resolved=3228 errors=7720 current=lib/Compiler.js
[2026-09-29T12:43:01Z] [iter=1] HEARTBEAT target_type=call_site elapsed_min=233.7 files_done=348 resolved=3269 errors=7842 current=test/ContextModuleFactory.unittest.js
[2026-09-29T12:43:37Z] [iter=1] HEARTBEAT target_type=call_site elapsed_min=234.3 files_done=349 resolved=3281 errors=7863 current=test/configCases/target/umd-named-define/index.js
[2026-09-29T12:46:10Z] [iter=1] HEARTBEAT target_type=call_site elapsed_min=236.8 files_done=352 resolved=3285 errors=7950 current=lib/ModuleTemplate.js
[2026-09-29T12:46:44Z] [iter=1] HEARTBEAT target_type=call_site elapsed_min=237.4 files_done=354 resolved=3289 errors=7969 current=lib/util/deterministicGrouping.js
[2026-09-29T12:47:31Z] [iter=1] HEARTBEAT target_type=call_site elapsed_min=238.2 files_done=355 resolved=3336 errors=7996 current=lib/prefetch/ChunkPrefetchPreloadPlugin.js
[2026-09-29T12:48:03Z] [iter=1] HEARTBEAT target_type=call_site elapsed_min=238.7 files_done=360 resolved=3349 errors=8014 current=test/cases/chunks/weak-dependencies-context/index.js
[2026-09-29T12:48:49Z] [iter=1] HEARTBEAT target_type=call_site elapsed_min=239.5 files_done=364 resolved=3396 errors=8040 current=tooling/generate-runtime-code.js
[2026-09-29T12:49:29Z] [iter=1] CHECKPOINT TRIGGERED elapsed_min=240.1 files_completed=367 new_files_this_iter=367 mem_mb=1121 MB
[2026-09-29T12:49:29Z] [iter=1] Writing partial enrichment graph path=/home/runner/work/forx/forx/storage/aggregate/lsp/d49b49ddebc6c06703e19ff6391915d2b09b0f2b.nq.gz triples=76829
[2026-09-29T12:49:30Z] [iter=1] Checkpoint written, exiting with code 7
[2026-09-29T12:49:30Z] [iter=1] PHASE END: enrich (checkpointed) elapsed_s=14408 elapsed_min=240.1 files_completed=367
